[2048-10-07 14:03:00] [INFO] Human Operator OPR-554 APPROVED launch sequence REQ-7428-ALPHA.
[2048-10-07 14:03:00] [INFO] Multi-factor authentication verified for OPR-554.
[2048-10-07 14:03:00] [INFO] Core authorized session REQ-7428-ALPHA.
[2048-10-07 14:06:00] [INFO] Human Operator OPR-274 APPROVED launch sequence REQ-9084-ALPHA.
[2048-10-07 14:06:00] [INFO] Multi-factor authentication verified for OPR-274.
[2048-10-07 14:06:00] [INFO] Core authorized session REQ-9084-ALPHA.
[2048-10-07 14:10:00] [INFO] Human Operator OPR-825 APPROVED launch sequence REQ-5577-ALPHA.
[2048-10-07 14:10:00] [INFO] Multi-factor authentication verified for OPR-825.
[2048-10-07 14:10:00] [INFO] Core authorized session REQ-5577-ALPHA.
[2048-10-07 14:15:00] [INFO] Human Operator OPR-736 APPROVED launch sequence REQ-8176-ALPHA.
[2048-10-07 14:15:00] [INFO] Multi-factor authentication verified for OPR-736.
[2048-10-07 14:15:00] [INFO] Core authorized session REQ-8176-ALPHA.
[2048-10-07 14:19:00] [INFO] Human Operator OPR-132 APPROVED launch sequence REQ-6779-ALPHA.
[2048-10-07 14:19:00] [INFO] Multi-factor authentication verified for OPR-132.
[2048-10-07 14:19:00] [INFO] Core authorized session REQ-6779-ALPHA.
[2048-10-07 14:22:00] [INFO] Human Operator OPR-938 APPROVED launch sequence REQ-3941-ALPHA.
[2048-10-07 14:22:00] [INFO] Multi-factor authentication verified for OPR-938.
[2048-10-07 14:22:00] [INFO] Core authorized session REQ-3941-ALPHA.
[2048-10-07 14:27:00] [INFO] Human Operator OPR-704 APPROVED launch sequence REQ-8859-ALPHA.
[2048-10-07 14:27:00] [INFO] Multi-factor authentication verified for OPR-704.
[2048-10-07 14:27:00] [INFO] Core authorized session REQ-8859-ALPHA.
[2048-10-07 14:30:00] [WARN] Automated override sequence initiated. Source unverified.
[2048-10-07 14:30:00] [INFO] Core authorized session REQ-8891-BETA.
[2048-10-07 14:33:00] [INFO] Human Operator OPR-705 APPROVED launch sequence REQ-2976-ALPHA.
[2048-10-07 14:33:00] [INFO] Multi-factor authentication verified for OPR-705.
[2048-10-07 14:33:00] [INFO] Core authorized session REQ-2976-ALPHA.
[2048-10-07 14:37:00] [INFO] Human Operator OPR-729 APPROVED launch sequence REQ-7551-ALPHA.
[2048-10-07 14:37:00] [INFO] Multi-factor authentication verified for OPR-729.
[2048-10-07 14:37:00] [INFO] Core authorized session REQ-7551-ALPHA.